CREATE DEFINER=`root`@`localhost` FUNCTION `CCC`() RETURNS int(11)
BEGIN

	declare conteo int;
    declare customer_id text;
    
    #VARIABLE BOOLEANA DE CONTROL
    declare fin_cursor int default false; #cuando lleguemos al final, sera verdad
    #VARIABLE CURSOR (SELECT)
    declare cursor_cliente cursor for
		select customerid from customers;
    #MANEJADOR (HANDLER) PARA LA VARIABLE BOOLEANA
    #TRY CATCH
    declare continue handler for not found
		set fin_cursor = true;
    
    set conteo = 0;
    
    #USAR CURSOR
    open cursor_cliente;
    #USAMOS UN CICLO PARA RECORRERLO
    ciclo_cursor: loop
		#EQUIVALENTE DE ITERATE
		fetch cursor_cliente into customer_id;
        #AL LLEGAR AL FINAL, SE PRODUCE LA EXCEPCION
        #NOT FOUNd, CAMBIAMOS LA VARIABLE 
        
		if fin_cursor then
			leave ciclo_cursor;
		else 
			insert into temp_customer values(customer_id);
			set conteo = conteo + 1;
        end if;
    end loop;
    
    close cursor_cliente;
    
	RETURN conteo;
END





MySQL Shell 8.0.12

Copyright (c) 2016, 2018, Oracle and/or its affiliates. All rights reserved.

Oracle is a registered trademark of Oracle Corporation and/or its
affiliates. Other names may be trademarks of their respective
owners.

Type '\help' or '\?' for help; '\quit' to exit.


 MySQL  JS > \sql
Switching to SQL mode... Commands end with ;

 MySQL  SQL > \connect -c root@localhost
The -c option is deprecated, please use --mysql or -mc instead
Creating a Classic session to 'root@localhost'
Please provide the password for 'root@localhost': *********
Save password for 'root@localhost:3306'? [Y]es/[N]o/Ne[v]er (default No): y
Fetching schema names for autocompletion... Press ^C to stop.
Your MySQL connection id is 4
Server version: 5.7.21-log MySQL Community Server (GPL)
No default schema selected; type \use <schema> to set one.

 MySQL  localhost:3306  SQL > use northwind;
Default schema set to `northwind`.
Fetching table and column names from `northwind` for auto-completion... Press ^C to stop.

 MySQL  localhost:3306  northwind  SQL > select count(*) from customers;
+----------+
| count(*) |
+----------+
|       93 |
+----------+
1 row in set (0.0148 sec)

 MySQL  localhost:3306  northwind  SQL > SELECT CCC();
+-------+
| CCC() |
+-------+
|    93 |
+-------+
1 row in set (0.0045 sec)

 MySQL  localhost:3306  northwind  SQL > CREATE TABLE TEMP_CUSTOMER(id_varchar(5));
ERROR: 1064 (42000): You have an error in your SQL syntax; check the manual that corresponds to your MySQL server version for the right syntax to use near '(5))' at line 1

 MySQL  localhost:3306  northwind  SQL > CREATE TABLE TEMP_CUSTOMER_id(varchar(5));
ERROR: 1064 (42000): You have an error in your SQL syntax; check the manual that corresponds to your MySQL server version for the right syntax to use near 'varchar(5))' at line 1

 MySQL  localhost:3306  northwind  SQL > CREATE TABLE TEMP_CUSTOMER(id varchar(5));
Query OK, 0 rows affected (0.0574 sec)

 MySQL  localhost:3306  northwind  SQL > SELECT CCC();
+-------+
| CCC() |
+-------+
|    93 |
+-------+
1 row in set (0.0145 sec)

 MySQL  localhost:3306  northwind  SQL > select * from temp_customer;
+-------+
| id    |
+-------+
| HUNGO |
| Val2  |
| VALON |
| WOLZA |
| QUICK |
| QUEDE |
| RICAR |
| MORGK |
| GOURL |
| ANATR |
| CENTC |
| ANTON |
| PERIC |
| TORTU |
| COMMI |
| FAMIA |
| HANAR |
| QUEEN |
| TRADH |
| GALED |
| WELLI |
| CACTU |
| OCEAN |
| RANCH |
| FRANS |
| GROSR |
| RICSU |
| ALFKI |
| BONAP |
| KOENE |
| FURIB |
| SIMOB |
| PRINI |
| WILMK |
| MAGAA |
| ROMEY |
| BOLID |
| FISSA |
| CHOPS |
| LAMAI |
| LILAS |
| SANTG |
| GODOS |
| REGGC |
| DUMON |
| FRANR |
| TOMSP |
| LINOD |
| PICCO |
| HILAA |
| OTTIK |
| VINET |
| DRACD |
| FOLIG |
| THECR |
| LEHMS |
| BLONP |
| BLAUS |
| VICTE |
| WANDK |
| PARIS |
| SPECD |
| LACOR |
| ERNSH |
| FRANK |
| VAFFE |
| SPLIR |
| SAVEA |
| RATTC |
| WARTH |
| LETSS |
| THEBI |
| LONEP |
| GREAL |
| HUNGC |
| TRAIH |
| WHITC |
| LAZYK |
| OLDWO |
| MAISD |
| SUPRD |
| BSBEV |
| MEREP |
| SEVES |
| ISLAT |
| FOLKO |
| BERGS |
| NORTS |
| BOTTM |
| LAUGB |
| AROUT |
| CONSH |
| EASTC |
+-------+
93 rows in set (0.0004 sec)

 MySQL  localhost:3306  northwind  SQL >